[oracle-v1.netlify.app/index.html]
[backblue.gif]
[fade.gif]
[index.html]
[oracle-v1.netlify.app/assets/images/Group 15.png]
[oracle-v1.netlify.app/assets/css/font-awesome.min.css]
[oracle-v1.netlify.app/assets/css/slick.min.css]
[oracle-v1.netlify.app/assets/css/bootstrap.min.css]
[oracle-v1.netlify.app/assets/css/animate.css]
[oracle-v1.netlify.app/assets/css/retro-homepage.min.css]
[oracle-v1.netlify.app/assets/css/retro.min.css]
[oracle-v1.netlify.app/about.html]
[oracle-v1.netlify.app/works.html]
[oracle-v1.netlify.app/contact.html]
[oracle-v1.netlify.app/assets/images/Group 17.png]
[oracle-v1.netlify.app/assets/images/Mask Group.png]
[oracle-v1.netlify.app/assets/images/Mask Group-1.png]
[oracle-v1.netlify.app/assets/images/Mask Group-2.png]
[oracle-v1.netlify.app/assets/images/pen(1).png]
[oracle-v1.netlify.app/assets/images/support(1).png]
[oracle-v1.netlify.app/assets/images/idea 1.png]
[oracle-v1.netlify.app/assets/images/toa-heftiba-O3ymvT7Wf9U-unsplash.jpg]
[oracle-v1.netlify.app/assets/images/Group 19.png]
[oracle-v1.netlify.app/assets/js/jquery.min.js]
[oracle-v1.netlify.app/assets/js/popper.min.js]
[oracle-v1.netlify.app/assets/js/bootstrap.min.js]
[oracle-v1.netlify.app/assets/js/slick.min.js]
[oracle-v1.netlify.app/assets/js/wow.min.js]
[oracle-v1.netlify.app/assets/js/javascript.js]
[oracle-v1.netlify.app/index.html]
[oracle-v1.netlify.app/assets/css/bootstrap.min.css]
[oracle-v1.netlify.app/assets/fonts/fontawesome-webfont3e6e.eot]
[oracle-v1.netlify.app/assets/fonts/fontawesome-webfont3e6e.woff2]
[oracle-v1.netlify.app/assets/fonts/fontawesome-webfontd41d.eot]
[oracle-v1.netlify.app/assets/fonts/fontawesome-webfont3e6e.ttf]
[oracle-v1.netlify.app/assets/fonts/fontawesome-webfont3e6e.woff]
[oracle-v1.netlify.app/assets/css/font-awesome.min.css]
[oracle-v1.netlify.app/assets/css/slick.min.css]
[oracle-v1.netlify.app/assets/css/animate.css]
[oracle-v1.netlify.app/assets/fonts/SourceSansPro-Bold.ttf]
[oracle-v1.netlify.app/assets/fonts/SourceSansPro-Regular.ttf]
[oracle-v1.netlify.app/assets/fonts/SourceSansPro-SemiBold.ttf]
[oracle-v1.netlify.app/assets/fonts/fontawesome-webfont3e6e.svg]
[oracle-v1.netlify.app/assets/fonts/SourceSansPro-Black.ttf]
[oracle-v1.netlify.app/assets/css/retro.min.css]
[oracle-v1.netlify.app/assets/images/Group 20.png]
[oracle-v1.netlify.app/assets/css/retro-homepage.min.css]
[oracle-v1.netlify.app/assets/images/philipe-cavalcante-Ugpcxb0jG4Q-unsplash.jpg]
[oracle-v1.netlify.app/assets/images/rayul-_M6gy9oHgII-unsplash.jpg]
[oracle-v1.netlify.app/assets/images/ivana-cajina-dnL6ZIpht2s-unsplash.jpg]
[oracle-v1.netlify.app/assets/images/Mask Group 12.png]
[oracle-v1.netlify.app/assets/images/smiling-woman-wearing-black-sweater-1587009-removebg-preview 1.png]
[oracle-v1.netlify.app/assets/images/men-s-white-dress-shirt-936229-removebg-preview 1.png]
[oracle-v1.netlify.app/assets/images/Mask Group-12.png]
[oracle-v1.netlify.app/assets/images/Mask Groupwq.png]
[oracle-v1.netlify.app/assets/images/Mask Group 13.png]
[oracle-v1.netlify.app/assets/images/gallery/annie-spratt-sggw4-qDD54-unsplash.jpg]
[oracle-v1.netlify.app/assets/images/gallery/ezgif.com-gif-maker (1).jpg]
[oracle-v1.netlify.app/assets/images/gallery/nesa-by-makers-IgUR1iX0mqM-unsplash.jpg]
[oracle-v1.netlify.app/assets/images/gallery/johnson-wang-iI4sR_nkkbc-unsplash.jpg]
[oracle-v1.netlify.app/assets/images/gallery/you-x-ventures-Oalh2MojUuk-unsplash.jpg]
[oracle-v1.netlify.app/assets/images/gallery/marten-bjork-ANGrwTKxjlk-unsplash.jpg]
[oracle-v1.netlify.app/assets/js/bootstrap4.masonry.min.js]
[oracle-v1.netlify.app/about.html]
[oracle-v1.netlify.app/assets/images/Group 624.png]
[oracle-v1.netlify.app/assets/images/Group 21.png]
[oracle-v1.netlify.app/assets/images/Group 621 1.png]
[oracle-v1.netlify.app/assets/images/Mask Group1.png]
[oracle-v1.netlify.app/assets/images/Group 51 1.png]
[oracle-v1.netlify.app/works.html]
[oracle-v1.netlify.app/assets/images/Group 625.png]
[oracle-v1.netlify.app/assets/images/send 2.png]
[oracle-v1.netlify.app/assets/images/Group.png]
[oracle-v1.netlify.app/assets/images/Vector.png]
[oracle-v1.netlify.app/assets/images/Group 622.png]
[oracle-v1.netlify.app/assets/images/Group-1.png]
[oracle-v1.netlify.app/contact.html]
[oracle-v1.netlify.app/assets/fonts/fontawesome-webfont3e6e.svg]
